// Jest Snapshot v1, https://goo.gl/fbAQLP

exports[`actions/venues should make a snapshot of EVenuesAction 1`] = `
Object {
  "GET_VENUES_EXPLORE_CANCEL": "GET_VENUES_EXPLORE_CANCEL",
  "GET_VENUES_EXPLORE_FAILURE": "GET_VENUES_EXPLORE_FAILURE",
  "GET_VENUES_EXPLORE_REQUEST": "GET_VENUES_EXPLORE_REQUEST",
  "GET_VENUES_EXPLORE_SUCCESS": "GET_VENUES_EXPLORE_SUCCESS",
  "GET_VENUES_SEARCH_CANCEL": "GET_VENUES_SEARCH_CANCEL",
  "GET_VENUES_SEARCH_FAILURE": "GET_VENUES_SEARCH_FAILURE",
  "GET_VENUES_SEARCH_REQUEST": "GET_VENUES_SEARCH_REQUEST",
  "GET_VENUES_SEARCH_SUCCESS": "GET_VENUES_SEARCH_SUCCESS",
}
`;
