// Jest Snapshot v1, https://goo.gl/fbAQLP

exports[`utils/test/mockingFetch should get a promise 1`] = `Promise {}`;

exports[`utils/test/mockingFetch should get a promise 2`] = `Promise {}`;

exports[`utils/test/mockingFetch should get a success Response object 1`] = `
Object {
  "json": [Function],
  "ok": true,
}
`;
