// Jest Snapshot v1, https://goo.gl/fbAQLP

exports[`utils/test/mockingFetch should get a promise 1`] = `Promise {}`;

exports[`utils/test/mockingFetch should get a promise 2`] = `Promise {}`;

exports[`utils/test/mockingFetch should get a success Response object 1`] = `
Object {
  "json": [Function],
  "ok": true,
}
`;

exports[`utils/test/testEpic should get search for venues by location with state: {"life": [Object], "photos": [Object], "request": [Object], "status": [Object], "venues": [Object]} 1`] = `
Array [
  Object {
    "meta": 0,
    "payload": Array [
      Object {
        "categories": Array [
          Object {
            "icon": Object {
              "prefix": "https://ss3.4sqi.net/img/categories_v2/food/steakhouse_",
              "suffix": ".png",
            },
            "id": "4bf58dd8d48988d1cc941735",
            "name": "Steakhouse",
            "pluralName": "Steakhouses",
            "primary": true,
            "shortName": "Steakhouse",
          },
        ],
        "hasPerk": false,
        "id": "3fd66200f964a5209beb1ee3",
        "location": Object {
          "address": "178 Broadway",
          "cc": "US",
          "city": "Brooklyn",
          "country": "United States",
          "crossStreet": "at Driggs Ave",
          "distance": 10,
          "formattedAddress": Array [
            "178 Broadway (at Driggs Ave)",
            "Brooklyn, NY 11211",
            "United States",
          ],
          "labeledLatLngs": Array [
            Object {
              "label": "display",
              "lat": 40.70995790682886,
              "lng": -73.96229110893742,
            },
          ],
          "lat": 40.70995790682886,
          "lng": -73.96229110893742,
          "postalCode": "11211",
          "state": "NY",
        },
        "name": "Peter Luger Steak House",
        "referralId": "v-1565543515",
        "venuePage": Object {
          "id": "77462637",
        },
      },
    ],
    "type": "GET_VENUES_SEARCH_SUCCESS",
  },
]
`;

exports[`utils/test/testEpic should get search for venues by location with state: undefined 1`] = `
Array [
  Object {
    "meta": 0,
    "payload": Array [
      Object {
        "categories": Array [
          Object {
            "icon": Object {
              "prefix": "https://ss3.4sqi.net/img/categories_v2/food/steakhouse_",
              "suffix": ".png",
            },
            "id": "4bf58dd8d48988d1cc941735",
            "name": "Steakhouse",
            "pluralName": "Steakhouses",
            "primary": true,
            "shortName": "Steakhouse",
          },
        ],
        "hasPerk": false,
        "id": "3fd66200f964a5209beb1ee3",
        "location": Object {
          "address": "178 Broadway",
          "cc": "US",
          "city": "Brooklyn",
          "country": "United States",
          "crossStreet": "at Driggs Ave",
          "distance": 10,
          "formattedAddress": Array [
            "178 Broadway (at Driggs Ave)",
            "Brooklyn, NY 11211",
            "United States",
          ],
          "labeledLatLngs": Array [
            Object {
              "label": "display",
              "lat": 40.70995790682886,
              "lng": -73.96229110893742,
            },
          ],
          "lat": 40.70995790682886,
          "lng": -73.96229110893742,
          "postalCode": "11211",
          "state": "NY",
        },
        "name": "Peter Luger Steak House",
        "referralId": "v-1565543515",
        "venuePage": Object {
          "id": "77462637",
        },
      },
    ],
    "type": "GET_VENUES_SEARCH_SUCCESS",
  },
]
`;
