// Jest Snapshot v1, https://goo.gl/fbAQLP

exports[`services/getObservablePhotosDetails should get an observable instance 1`] = `
Observable {
  "_isScalar": false,
  "operator": CatchOperator {
    "caught": [Circular],
    "selector": [Function],
  },
  "source": Observable {
    "_isScalar": false,
    "operator": SwitchMapOperator {
      "project": [Function],
    },
    "source": Observable {
      "_isScalar": false,
      "_subscribe": [Function],
    },
  },
}
`;
