// Jest Snapshot v1, https://goo.gl/fbAQLP

exports[`services/getObservableVenuesCategories should get an observable instance 1`] = `
Observable {
  "_isScalar": false,
  "operator": CatchOperator {
    "caught": [Circular],
    "selector": [Function],
  },
  "source": Observable {
    "_isScalar": false,
    "operator": SwitchMapOperator {
      "project": [Function],
    },
    "source": Observable {
      "_isScalar": false,
      "_subscribe": [Function],
    },
  },
}
`;

exports[`services/getObservableVenuesExplore should get an observable instance 1`] = `
Observable {
  "_isScalar": false,
  "operator": CatchOperator {
    "caught": [Circular],
    "selector": [Function],
  },
  "source": Observable {
    "_isScalar": false,
    "operator": SwitchMapOperator {
      "project": [Function],
    },
    "source": Observable {
      "_isScalar": false,
      "_subscribe": [Function],
    },
  },
}
`;

exports[`services/getObservableVenuesLikes should get an observable instance 1`] = `
Observable {
  "_isScalar": false,
  "operator": CatchOperator {
    "caught": [Circular],
    "selector": [Function],
  },
  "source": Observable {
    "_isScalar": false,
    "operator": SwitchMapOperator {
      "project": [Function],
    },
    "source": Observable {
      "_isScalar": false,
      "_subscribe": [Function],
    },
  },
}
`;

exports[`services/getObservableVenuesListed should get an observable instance 1`] = `
Observable {
  "_isScalar": false,
  "operator": CatchOperator {
    "caught": [Circular],
    "selector": [Function],
  },
  "source": Observable {
    "_isScalar": false,
    "operator": SwitchMapOperator {
      "project": [Function],
    },
    "source": Observable {
      "_isScalar": false,
      "_subscribe": [Function],
    },
  },
}
`;

exports[`services/getObservableVenuesNextVenues should get an observable instance 1`] = `
Observable {
  "_isScalar": false,
  "operator": CatchOperator {
    "caught": [Circular],
    "selector": [Function],
  },
  "source": Observable {
    "_isScalar": false,
    "operator": SwitchMapOperator {
      "project": [Function],
    },
    "source": Observable {
      "_isScalar": false,
      "_subscribe": [Function],
    },
  },
}
`;

exports[`services/getObservableVenuesSearch should get an observable instance 1`] = `
Observable {
  "_isScalar": false,
  "operator": CatchOperator {
    "caught": [Circular],
    "selector": [Function],
  },
  "source": Observable {
    "_isScalar": false,
    "operator": SwitchMapOperator {
      "project": [Function],
    },
    "source": Observable {
      "_isScalar": false,
      "_subscribe": [Function],
    },
  },
}
`;

exports[`services/getObservableVenuesSimilar should get an observable instance 1`] = `
Observable {
  "_isScalar": false,
  "operator": CatchOperator {
    "caught": [Circular],
    "selector": [Function],
  },
  "source": Observable {
    "_isScalar": false,
    "operator": SwitchMapOperator {
      "project": [Function],
    },
    "source": Observable {
      "_isScalar": false,
      "_subscribe": [Function],
    },
  },
}
`;

exports[`services/getObservableVenuesSuggestCompletion should get an observable instance 1`] = `
Observable {
  "_isScalar": false,
  "operator": CatchOperator {
    "caught": [Circular],
    "selector": [Function],
  },
  "source": Observable {
    "_isScalar": false,
    "operator": SwitchMapOperator {
      "project": [Function],
    },
    "source": Observable {
      "_isScalar": false,
      "_subscribe": [Function],
    },
  },
}
`;

exports[`services/getObservableVenuesTrending should get an observable instance 1`] = `
Observable {
  "_isScalar": false,
  "operator": CatchOperator {
    "caught": [Circular],
    "selector": [Function],
  },
  "source": Observable {
    "_isScalar": false,
    "operator": SwitchMapOperator {
      "project": [Function],
    },
    "source": Observable {
      "_isScalar": false,
      "_subscribe": [Function],
    },
  },
}
`;
