// Jest Snapshot v1, https://goo.gl/fbAQLP

exports[`reducers/life should get state after action: putCredentials with action: {"error": undefined, "meta": undefined, "payload": [Object], "type": "PUT_CREDENTIALS"} 1`] = `
Object {
  "credentials": Object {
    "clientId": "1234",
    "clientSecret": "5678",
  },
  "status": true,
}
`;
