// Jest Snapshot v1, https://goo.gl/fbAQLP

exports[`reducers/venues should get state after {"payload": [Array], "type": "RESOLVE_GET_VENUES_SEARCH"} with action: $action 1`] = `
Object {
  "venues": Array [
    Object {
      "categories": Array [
        Object {
          "icon": Object {
            "prefix": "https://ss3.4sqi.net/img/categories_v2/food/steakhouse_",
            "suffix": ".png",
          },
          "id": "4bf58dd8d48988d1cc941735",
          "name": "Steakhouse",
          "pluralName": "Steakhouses",
          "primary": true,
          "shortName": "Steakhouse",
        },
      ],
      "hasPerk": false,
      "id": "3fd66200f964a5209beb1ee3",
      "location": Object {
        "address": "178 Broadway",
        "cc": "US",
        "city": "Brooklyn",
        "country": "United States",
        "crossStreet": "at Driggs Ave",
        "distance": 10,
        "formattedAddress": Array [
          "178 Broadway (at Driggs Ave)",
          "Brooklyn, NY 11211",
          "United States",
        ],
        "labeledLatLngs": Array [
          Object {
            "label": "display",
            "lat": 40.70995790682886,
            "lng": -73.96229110893742,
          },
        ],
        "lat": 40.70995790682886,
        "lng": -73.96229110893742,
        "postalCode": "11211",
        "state": "NY",
      },
      "name": "Peter Luger Steak House",
      "referralId": "v-1565543515",
      "venuePage": Object {
        "id": "77462637",
      },
    },
  ],
}
`;
