// Jest Snapshot v1, https://goo.gl/fbAQLP

exports[`tsFoursquare should have a list of method 1`] = `
Object {
  "ELifeActionRequest": Object {},
  "ELifeActionResolve": Object {
    "RESOLVE_GET_LIFE": "RESOLVE_GET_LIFE",
  },
  "EVenuesAction": Object {
    "REQUEST_GET_VENUES_SEARCH": "REQUEST_GET_VENUES_SEARCH",
    "RESOLVE_GET_VENUES_SEARCH": "RESOLVE_GET_VENUES_SEARCH",
  },
  "actions": Object {
    "requestGetVenuesSearch": [Function],
    "resolveGetVenuesSearch": [Function],
  },
  "getCredentials": [Function],
  "getIconUrlList": [Function],
  "getLife": [Function],
  "removeCredentials": [Function],
  "requestGetVenuesSearch": [Function],
  "resolveGetVenuesSearch": [Function],
  "setCredentials": [Function],
}
`;
