// Jest Snapshot v1, https://goo.gl/fbAQLP

exports[`tsFoursquare should have a list of method 1`] = `
Object {
  "ELifeActionRequest": Object {},
  "ELifeActionResolve": Object {
    "RESOLVE_GET_LIFE": "RESOLVE_GET_LIFE",
  },
  "EVenuesActionRequest": Object {
    "GET_VENUES_SEARCH": "GET_VENUES_SEARCH",
  },
  "getCredentials": [Function],
  "getIconUrlList": [Function],
  "getLife": [Function],
  "getVenuesSearch": [Function],
  "removeCredentials": [Function],
  "setCredentials": [Function],
}
`;
