// Jest Snapshot v1, https://goo.gl/fbAQLP

exports[`tsFoursquare should have a list of method 1`] = `
Object {
  "EIconSize": Object {
    "L": "64",
    "M": "44",
    "S": "32",
    "XL": "88",
  },
  "ELifeAction": Object {
    "RESOLVE_GET_LIFE": "RESOLVE_GET_LIFE",
    "RESOLVE_PUT_CREDENTIALS": "RESOLVE_PUT_CREDENTIALS",
  },
  "EVenuesAction": Object {
    "REQUEST_GET_VENUES_SEARCH": "REQUEST_GET_VENUES_SEARCH",
    "RESOLVE_GET_VENUES_SEARCH": "RESOLVE_GET_VENUES_SEARCH",
  },
  "actions": Object {
    "requestGetVenuesSearch": [Function],
    "resolveGetVenuesSearch": [Function],
  },
  "adaptGetVenuesSearch": [Function],
  "configureStore": [Function],
  "credentialsSelector": [Function],
  "getIconUrlList": [Function],
  "getLife": [Function],
  "getLocationHref": [Function],
  "getLocationSearch": [Function],
  "getObservableVenuesSearch": [Function],
  "getVenuesSearchEpic": [Function],
  "initialState": Object {
    "life": Object {
      "credentials": Object {
        "clientId": "",
        "clientSecret": "",
      },
      "life": false,
    },
    "venues": Object {
      "entities": Object {},
    },
  },
  "lifeSelector": [Function],
  "processFetchError": [Function],
  "processFetchResponse": [Function],
  "putCredentials": [Function],
  "requestGetVenuesSearch": [Function],
  "resolveGetVenuesSearch": [Function],
  "venueCategoriesStateSelector": [Function],
  "venueLocationSelector": [Function],
  "venueSelector": [Function],
  "venuesSelector": [Function],
}
`;
