// Jest Snapshot v1, https://goo.gl/fbAQLP

exports[`tsFoursquare should get a snapshot of tsFoursquare instance 1`] = `
tsFoursquare {
  "getLists": [Function],
  "getPhotosDetails": [Function],
  "getVenuesCategories": [Function],
  "getVenuesExplore": [Function],
  "getVenuesLikes": [Function],
  "getVenuesListed": [Function],
  "getVenuesNextVenues": [Function],
  "getVenuesSearch": [Function],
  "getVenuesSimilar": [Function],
  "getVenuesSuggestCompletion": [Function],
  "getVenuesTrending": [Function],
}
`;
