// Jest Snapshot v1, https://goo.gl/fbAQLP

exports[`tsFoursquare should get a snapshot of tsFoursquare instance 1`] = `
tsFoursquare {
  "actions": Object {
    "getLists": [Function],
    "getPhotosDetails": [Function],
  },
  "clientId": "",
  "clientSecret": "",
  "injectContextInAction": [Function],
  "returnType": "PROMISE",
}
`;
