// Jest Snapshot v1, https://goo.gl/fbAQLP

exports[`tsFoursquare should wait end of actions and make a snapshot of store 1`] = `
Object {
  "life": Object {
    "credentials": Object {
      "clientId": "1234",
      "clientSecret": "5678",
    },
    "status": true,
  },
  "lists": Object {
    "entities": Object {},
  },
  "photos": Object {
    "entities": Object {},
  },
  "request": Object {
    "getVenuesSearchAsync": Object {
      "entityIds": Array [],
      "error": [Error: Error 400],
    },
  },
  "status": Object {
    "getVenuesSearchAsync": Object {
      "hasError": true,
      "isCancelled": false,
      "isLoading": false,
    },
  },
  "venues": Object {
    "categories": Object {},
    "entities": Object {},
    "likesEntities": Object {},
    "miniVenues": Object {},
    "nextVenues": Object {},
    "recommendedPlaces": Object {},
    "similarVenues": Object {},
    "trendingEntities": Object {},
    "venuesListed": Object {},
  },
}
`;

exports[`tsFoursquare should wait end of actions and make a snapshot of store 2`] = `Object {}`;
