// Jest Snapshot v1, https://goo.gl/fbAQLP

exports[`constants/api/EApiDefaultParameters should make a snapshot of EApiDefaultParameters 1`] = `
Object {
  "ORIGIN": "https://api.foursquare.com",
  "VERSION": "20191028",
}
`;

exports[`constants/api/EApiDefaultParameters should make a snapshot of EApiPathnames 1`] = `
Object {
  "LISTS": "/v2/lists/:listId",
  "PHOTOS_DETAILS": "/v2/photos/:photoId",
  "VENUES_CATEGORIES": "/v2/venues/categories",
  "VENUES_EXPLORE": "/v2/venues/explore",
  "VENUES_LIKES": "/v2/venues/:venueId/likes",
  "VENUES_LISTED": "/v2/venues/:venueId/listed",
  "VENUES_NEXT_VENUES": "/v2/venues/:venueId/nextvenues",
  "VENUES_SEARCH": "/v2/venues/search",
  "VENUES_SIMILAR": "/v2/venues/:venueId/similar",
  "VENUES_SUGGEST_COMPLETION": "/v2/venues/suggestcompletion",
  "VENUES_TRENDING": "/v2/venues/trending",
}
`;
